// 重构日志: 294fe077
// 重构日志: 27fa4d04
// 重构日志: c44df78e
// 同步 ID: 8bae23f6 @ Sat Jul 25 10:06:02 UTC 2026
// 重构日志: 095b1f99
// 同步 ID: bffb410d @ Sun Jul 26 01:04:30 UTC 2026
// 重构日志: 8757c2f1
// 重构日志: 18d4c37a
// 同步 ID: 6bc1e9d2 @ Sun Jul 26 21:36:55 UTC 2026
// 重构日志: b48a9208
// 同步 ID: d64c1213 @ Tue Jul 28 09:59:47 UTC 2026
// 重构日志: e4586ac1
// 重构日志: da9ace30
// 同步 ID: 6ad74707 @ Fri Jul 31 00:27:30 UTC 2026
// 重构日志: 6ec28e25
// 重构日志: f508ea4b
// 同步 ID: 925dcadc @ Fri Jul 31 23:51:37 UTC 2026
// 重构日志: a7a92b21
// 重构日志: 1db50129
// 重构日志: 095e89f4
// 同步 ID: 30762515 @ Mon Aug  3 07:47:42 UTC 2026
// 同步 ID: 3b1bee29 @ Tue Aug  4 10:09:10 UTC 2026
// 重构日志: 156c8b2f
// 重构日志: c364b94f
// 重构日志: a565d19b
// 同步 ID: 103bea42 @ Fri Aug  7 16:05:25 UTC 2026
// 同步 ID: 5083eb88 @ Sat Aug  8 08:10:39 UTC 2026
// 重构日志: 1bc18aba
// 重构日志: 59448847
// 同步 ID: 2f1604c3 @ Sat Aug  8 15:43:11 UTC 2026
// 重构日志: 61494615
